// Jest Snapshot v1, https://goo.gl/fbAQLP

exports[`App renders correctly 1`] = `
<RCTSafeAreaView
  style={
    {
      "backgroundColor": "#222",
      "flex": 1,
    }
  }
>
  <RNCSafeAreaProvider
    onInsetsChange={[Function]}
    style={
      [
        {
          "flex": 1,
        },
        undefined,
      ]
    }
  >
    <RNSScreenStack
      style={
        {
          "flex": 1,
        }
      }
    >
      <RNSScreen
        collapsable={false}
        gestureResponseDistance={
          {
            "bottom": -1,
            "end": -1,
            "start": -1,
            "top": -1,
          }
        }
        hasLargeHeader={false}
        nativeBackButtonDismissalEnabled={false}
        onAppear={[Function]}
        onDisappear={[Function]}
        onDismissed={[Function]}
        onGestureCancel={[Function]}
        onHeaderBackButtonClicked={[Function]}
        onNativeDismissCancelled={[Function]}
        onTransitionProgress={[Function]}
        onWillAppear={[Function]}
        onWillDisappear={[Function]}
        replaceAnimation="push"
        sheetAllowedDetents="large"
        sheetCornerRadius={-1}
        sheetExpandsWhenScrolledToEdge={true}
        sheetGrabberVisible={false}
        sheetLargestUndimmedDetent="all"
        stackPresentation="push"
        style={
          {
            "bottom": 0,
            "left": 0,
            "position": "absolute",
            "right": 0,
            "top": 0,
          }
        }
        swipeDirection="horizontal"
      >
        <View
          accessibilityElementsHidden={false}
          importantForAccessibility="auto"
          style={
            {
              "flex": 1,
              "flexDirection": "column-reverse",
            }
          }
        >
          <View
            collapsable={false}
            style={
              [
                {
                  "flex": 1,
                },
                {
                  "backgroundColor": "#000000",
                },
                undefined,
              ]
            }
          >
            <View
              style={
                [
                  {
                    "flex": 1,
                  },
                  undefined,
                ]
              }
            >
              <RNSScreenNavigationContainer
                style={
                  {
                    "flex": 1,
                    "overflow": "hidden",
                  }
                }
              >
                <RNSScreen
                  activityState={2}
                  collapsable={false}
                  gestureResponseDistance={
                    {
                      "bottom": -1,
                      "end": -1,
                      "start": -1,
                      "top": -1,
                    }
                  }
                  onGestureCancel={[Function]}
                  sheetAllowedDetents="large"
                  sheetCornerRadius={-1}
                  sheetExpandsWhenScrolledToEdge={true}
                  sheetGrabberVisible={false}
                  sheetLargestUndimmedDetent="all"
                  style={
                    {
                      "bottom": 0,
                      "left": 0,
                      "position": "absolute",
                      "right": 0,
                      "top": 0,
                      "zIndex": 0,
                    }
                  }
                >
                  <View
                    accessibilityElementsHidden={false}
                    importantForAccessibility="auto"
                    style={
                      [
                        {
                          "backgroundColor": "#000000",
                          "flex": 1,
                        },
                        [
                          {
                            "flex": 1,
                            "flexDirection": "column-reverse",
                          },
                          undefined,
                        ],
                      ]
                    }
                  >
                    <View
                      style={
                        {
                          "flex": 1,
                        }
                      }
                    >
                      <View
                        style={
                          {
                            "flex": 1,
                            "padding": 10,
                          }
                        }
                      >
                        <View
                          style={
                            {
                              "zIndex": 1,
                            }
                          }
                        >
                          <View
                            style={
                              {
                                "borderColor": "#4A4A4A",
                                "borderWidth": 1,
                                "flexDirection": "row",
                                "height": 40,
                                "marginBottom": 10,
                                "padding": 10,
                                "width": "100%",
                              }
                            }
                          >
                            <TextInput
                              onChangeText={[Function]}
                              placeholder="Search ...."
                              placeholderTextColor="#FFFFFF"
                              style={
                                {
                                  "color": "#FFFFFF",
                                  "flex": 1,
                                  "height": "100%",
                                }
                              }
                              value=""
                            />
                          </View>
                          <View
                            collapsable={false}
                            jestAnimatedStyle={
                              {
                                "value": {},
                              }
                            }
                            style={
                              {
                                "backgroundColor": "#000000",
                                "height": 0,
                                "paddingVertical": 15,
                                "position": "absolute",
                                "top": 40,
                                "width": "100%",
                              }
                            }
                          >
                            <RCTScrollView>
                              <View />
                            </RCTScrollView>
                          </View>
                        </View>
                        <RCTScrollView
                          ListFooterComponent={<RenderLoaderIcon />}
                          data={[]}
                          getItem={[Function]}
                          getItemCount={[Function]}
                          keyExtractor={[Function]}
                          onContentSizeChange={[Function]}
                          onEndReached={[Function]}
                          onEndReachedThreshold={0.5}
                          onLayout={[Function]}
                          onMomentumScrollBegin={[Function]}
                          onMomentumScrollEnd={[Function]}
                          onScroll={[Function]}
                          onScrollBeginDrag={[Function]}
                          onScrollEndDrag={[Function]}
                          removeClippedSubviews={false}
                          renderItem={[Function]}
                          scrollEventThrottle={0.0001}
                          stickyHeaderIndices={[]}
                          viewabilityConfigCallbackPairs={[]}
                        >
                          <View>
                            <View
                              onLayout={[Function]}
                            >
                              <ActivityIndicator
                                color="#fff"
                                size="large"
                              />
                            </View>
                          </View>
                        </RCTScrollView>
                        <View
                          accessibilityState={
                            {
                              "busy": undefined,
                              "checked": undefined,
                              "disabled": undefined,
                              "expanded": undefined,
                              "selected": undefined,
                            }
                          }
                          accessibilityValue={
                            {
                              "max": undefined,
                              "min": undefined,
                              "now": undefined,
                              "text": undefined,
                            }
                          }
                          accessible={true}
                          collapsable={false}
                          focusable={true}
                          onClick={[Function]}
                          onResponderGrant={[Function]}
                          onResponderMove={[Function]}
                          onResponderRelease={[Function]}
                          onResponderTerminate={[Function]}
                          onResponderTerminationRequest={[Function]}
                          onStartShouldSetResponder={[Function]}
                          style={
                            {
                              "alignItems": "center",
                              "backgroundColor": "#E9140A",
                              "borderRadius": 15,
                              "bottom": 20,
                              "height": 60,
                              "justifyContent": "center",
                              "opacity": 1,
                              "position": "absolute",
                              "right": 20,
                              "width": 60,
                              "zIndex": 100,
                            }
                          }
                        />
                      </View>
                    </View>
                  </View>
                </RNSScreen>
              </RNSScreenNavigationContainer>
              <View
                collapsable={false}
                onLayout={[Function]}
                pointerEvents="auto"
                style={
                  {
                    "backgroundColor": "#000",
                    "borderTopColor": "#dee2e6",
                    "borderTopWidth": 0.5,
                    "bottom": 0,
                    "elevation": 8,
                    "height": 49,
                    "left": 0,
                    "paddingBottom": 0,
                    "paddingHorizontal": 0,
                    "position": null,
                    "right": 0,
                    "transform": [
                      {
                        "translateY": 0,
                      },
                    ],
                  }
                }
              >
                <View
                  pointerEvents="none"
                  style={
                    {
                      "bottom": 0,
                      "left": 0,
                      "position": "absolute",
                      "right": 0,
                      "top": 0,
                    }
                  }
                />
                <View
                  accessibilityRole="tablist"
                  style={
                    {
                      "flex": 1,
                      "flexDirection": "row",
                    }
                  }
                >
                  <View
                    accessibilityLabel="Home, tab, 1 of 2"
                    accessibilityRole="button"
                    accessibilityState={
                      {
                        "busy": undefined,
                        "checked": undefined,
                        "disabled": undefined,
                        "expanded": undefined,
                        "selected": true,
                      }
                    }
                    accessibilityStates={
                      [
                        "selected",
                      ]
                    }
                    accessibilityValue={
                      {
                        "max": undefined,
                        "min": undefined,
                        "now": undefined,
                        "text": undefined,
                      }
                    }
                    accessible={true}
                    collapsable={false}
                    focusable={true}
                    onBlur={[Function]}
                    onClick={[Function]}
                    onFocus={[Function]}
                    onResponderGrant={[Function]}
                    onResponderMove={[Function]}
                    onResponderRelease={[Function]}
                    onResponderTerminate={[Function]}
                    onResponderTerminationRequest={[Function]}
                    onStartShouldSetResponder={[Function]}
                    style={
                      [
                        {
                          "alignItems": "center",
                          "flex": 1,
                        },
                        {
                          "backgroundColor": "transparent",
                        },
                        {
                          "flexDirection": "column",
                          "justifyContent": "flex-end",
                        },
                        undefined,
                      ]
                    }
                  >
                    <View
                      style={
                        [
                          {
                            "flex": 1,
                          },
                          undefined,
                        ]
                      }
                    >
                      <View
                        style={
                          [
                            {
                              "alignItems": "center",
                              "alignSelf": "center",
                              "height": "100%",
                              "justifyContent": "center",
                              "minWidth": 25,
                              "position": "absolute",
                              "width": "100%",
                            },
                            {
                              "opacity": 1,
                            },
                          ]
                        }
                      >
                        <Text
                          style={
                            [
                              {
                                "backgroundColor": "transparent",
                              },
                              {
                                "color": "#E9140A",
                                "fontSize": 25,
                              },
                              undefined,
                            ]
                          }
                        >
                          ⏷
                        </Text>
                      </View>
                      <View
                        style={
                          [
                            {
                              "alignItems": "center",
                              "alignSelf": "center",
                              "height": "100%",
                              "justifyContent": "center",
                              "minWidth": 25,
                              "position": "absolute",
                              "width": "100%",
                            },
                            {
                              "opacity": 0,
                            },
                          ]
                        }
                      >
                        <Text
                          style={
                            [
                              {
                                "backgroundColor": "transparent",
                              },
                              {
                                "color": "#FFFFFF",
                                "fontSize": 25,
                              },
                              undefined,
                            ]
                          }
                        >
                          ⏷
                        </Text>
                      </View>
                    </View>
                    <Text
                      numberOfLines={1}
                      style={
                        [
                          {
                            "backgroundColor": "transparent",
                            "textAlign": "center",
                          },
                          {
                            "color": "#E9140A",
                          },
                          {
                            "fontSize": 10,
                          },
                          undefined,
                        ]
                      }
                    >
                      Home
                    </Text>
                  </View>
                  <View
                    accessibilityLabel="Search, tab, 2 of 2"
                    accessibilityRole="button"
                    accessibilityState={
                      {
                        "busy": undefined,
                        "checked": undefined,
                        "disabled": undefined,
                        "expanded": undefined,
                        "selected": false,
                      }
                    }
                    accessibilityStates={[]}
                    accessibilityValue={
                      {
                        "max": undefined,
                        "min": undefined,
                        "now": undefined,
                        "text": undefined,
                      }
                    }
                    accessible={true}
                    collapsable={false}
                    focusable={true}
                    onBlur={[Function]}
                    onClick={[Function]}
                    onFocus={[Function]}
                    onResponderGrant={[Function]}
                    onResponderMove={[Function]}
                    onResponderRelease={[Function]}
                    onResponderTerminate={[Function]}
                    onResponderTerminationRequest={[Function]}
                    onStartShouldSetResponder={[Function]}
                    style={
                      [
                        {
                          "alignItems": "center",
                          "flex": 1,
                        },
                        {
                          "backgroundColor": "transparent",
                        },
                        {
                          "flexDirection": "column",
                          "justifyContent": "flex-end",
                        },
                        undefined,
                      ]
                    }
                  >
                    <View
                      style={
                        [
                          {
                            "flex": 1,
                          },
                          undefined,
                        ]
                      }
                    >
                      <View
                        style={
                          [
                            {
                              "alignItems": "center",
                              "alignSelf": "center",
                              "height": "100%",
                              "justifyContent": "center",
                              "minWidth": 25,
                              "position": "absolute",
                              "width": "100%",
                            },
                            {
                              "opacity": 0,
                            },
                          ]
                        }
                      >
                        <Text
                          style={
                            [
                              {
                                "backgroundColor": "transparent",
                              },
                              {
                                "color": "#E9140A",
                                "fontSize": 25,
                              },
                              undefined,
                            ]
                          }
                        >
                          ⏷
                        </Text>
                      </View>
                      <View
                        style={
                          [
                            {
                              "alignItems": "center",
                              "alignSelf": "center",
                              "height": "100%",
                              "justifyContent": "center",
                              "minWidth": 25,
                              "position": "absolute",
                              "width": "100%",
                            },
                            {
                              "opacity": 1,
                            },
                          ]
                        }
                      >
                        <Text
                          style={
                            [
                              {
                                "backgroundColor": "transparent",
                              },
                              {
                                "color": "#FFFFFF",
                                "fontSize": 25,
                              },
                              undefined,
                            ]
                          }
                        >
                          ⏷
                        </Text>
                      </View>
                    </View>
                    <Text
                      numberOfLines={1}
                      style={
                        [
                          {
                            "backgroundColor": "transparent",
                            "textAlign": "center",
                          },
                          {
                            "color": "#FFFFFF",
                          },
                          {
                            "fontSize": 10,
                          },
                          undefined,
                        ]
                      }
                    >
                      Search
                    </Text>
                  </View>
                </View>
              </View>
            </View>
          </View>
        </View>
        <RNSScreenStackHeaderConfig
          backButtonInCustomView={false}
          backTitleVisible={true}
          backgroundColor="#000"
          color="#E9140A"
          direction="ltr"
          disableBackButtonMenu={false}
          hidden={false}
          hideBackButton={false}
          largeTitleHideShadow={false}
          title="Home"
          titleColor="#E9140A"
          topInsetEnabled={false}
          translucent={false}
        />
      </RNSScreen>
    </RNSScreenStack>
  </RNCSafeAreaProvider>
</RCTSafeAreaView>
`;
